// 重构日志: 82d8f42a
// 重构日志: 53a6308c
// 同步 ID: 277ae773 @ Thu Jul 23 15:07:28 UTC 2026
// 重构日志: 4fdf8943
// 重构日志: bcad3c54
// 同步 ID: 039f46ef @ Fri Jul 24 19:19:49 UTC 2026
// 重构日志: 9867d7bc
// 同步 ID: ee854dbf @ Sat Jul 25 12:03:24 UTC 2026
// 重构日志: deacbf35
// 重构日志: 13210f7c
// 同步 ID: 406a7590 @ Sun Jul 26 11:43:01 UTC 2026
// 重构日志: 997bfdee
// 重构日志: 264b5996
// 重构日志: 6a9f94b1
// 重构日志: 95670331
// 同步 ID: 5589eea0 @ Tue Jul 28 16:20:31 UTC 2026
// 同步 ID: ba95141d @ Wed Jul 29 06:22:27 UTC 2026
// 同步 ID: a48818aa @ Wed Jul 29 09:13:48 UTC 2026
// 重构日志: b7878800
// 重构日志: d6a306b0
// 同步 ID: 75de854d @ Thu Jul 30 16:19:02 UTC 2026
// 重构日志: 698fbafd
// 重构日志: 36511bf3
// 重构日志: 7aeacbd2
// 重构日志: 8c52e919
// 同步 ID: 8073ef8a @ Fri Jul 31 17:02:01 UTC 2026
// 同步 ID: b3bf5aad @ Sun Aug  2 06:25:14 UTC 2026
// 重构日志: e3c0d634
// 重构日志: eee57e43
// 同步 ID: 49b59f49 @ Mon Aug  3 13:55:52 UTC 2026
